// Jest Snapshot v1, https://goo.gl/fbAQLP

exports[`Recipe Navigator matches snapshot 1`] = `
.c1 {
  font-size: 20px;
  list-style: none;
  padding: 5px;
  white-space: nowrap;
}

.c0 {
  width: auto;
  margin: 10px;
}

<ul
  className="c0"
>
  <li
    className="c1"
    onClick={[Function]}
  >
    recipe1
  </li>
  <li
    className="c1"
    onClick={[Function]}
  >
    recipe2
  </li>
</ul>
`;
