// Jest Snapshot v1, https://goo.gl/fbAQLP

exports[`Recipe Viewer matches snapshot 1`] = `
<styled.div>
  <styled.div />
  <styled.div>
    <div
      className="instructions"
    >
      <h2>
        Ingredients:
      </h2>
      <ul />
    </div>
    <div
      className="instructions"
    >
      <h2>
        Instructions:
      </h2>
      <p />
    </div>
  </styled.div>
</styled.div>
`;
