// Jest Snapshot v1, https://goo.gl/fbAQLP

exports[`Recipe Modal matches snapshot 1`] = `
<div>
  <div>
    <input
      placeholder="Enter Recipe Name"
      type="text"
    />
  </div>
  <div>
    <input
      placeholder="Enter ingredients"
      type="textarea"
    />
  </div>
  <div>
    <input
      placeholder="Enter instructions"
      type="textarea"
    />
  </div>
  <div>
    <button>
      Close
    </button>
  </div>
</div>
`;
