// Jest Snapshot v1, https://goo.gl/fbAQLP

exports[`Recipe Modal matches snapshot 1`] = `
<styled.div>
  <styled.input
    placeholder="Enter Recipe Name"
    type="text"
  />
  <styled.textarea
    placeholder="Enter Ingredients"
    type="text"
  />
  <styled.textarea
    placeholder="Enter Instructions"
    rows="50"
    type="text"
  />
  <styled.button>
    Close
  </styled.button>
</styled.div>
`;
