// Jest Snapshot v1, https://goo.gl/fbAQLP

exports[`Recipe Modal matches snapshot 1`] = `
<styled.div>
  <styled.h1 />
  <styled.div>
    <ul />
  </styled.div>
  <styled.input
    name="name"
    onChange={[Function]}
    placeholder="Enter Recipe Name"
    type="text"
    value=""
  />
  <styled.textarea
    name="ingredients"
    onChange={[Function]}
    placeholder="Enter Ingredients"
    type="text"
    value=""
  />
  <styled.textarea
    name="instructions"
    onChange={[Function]}
    placeholder="Enter Instructions"
    rows="50"
    type="text"
    value=""
  />
  <styled.div>
    <styled.button
      onClick={[Function]}
    >
      Add
    </styled.button>
    <styled.button
      id="closeButton"
    >
      Cancel
    </styled.button>
  </styled.div>
</styled.div>
`;
